[    0.000000] Linux version 4.15.0-54-generic (buildd@lgw01-amd64-014) (gcc version 7.4.0 (Ubuntu 7.4.0-1ubuntu1~18.04.1)) #58-Ubuntu SMP Mon Jun 24 10:55:24 UTC 2019 (Ubuntu 4.15.0-54.58-generic 4.15.18)
[    0.000000] Command line: BOOT_IMAGE=/boot/vmlinu-4.15.0-54-generic root=LABEL=cloudimg-rootfs r console=tty1 console=ttyS0
[    0.000000] KERNEL supported cpus:
[    0.000000]   Intel GenuineIntel
[    0.000000]   AMD AuthenticAMD
[    0.000000]   Centaur CentaurHauls
[    0.000000] x86/fpu: Supporting XSAVE feature 0x001: 'x87 floating point registers'
[    0.000000] x86/fpu: Supporting XSAVE feature 0x002: 'SSE registers'
[    0.000000] x86/fpu: Supporting XSAVE feature 0x004: 'AVX registers'
[    0.000000] x86/fpu: xstate_offset[2]:  576, xstate_sizes[2]:  256
[    0.000000] x86/fpu: Enabled xstate features 0x7, context size is 832 bytes, using 'standard' forat.
[    0.000000] e820: BIOS-provided physical RAM map:
[    0.000000] BIOS-e820: [mem 0x0000000000000000-0x000000000009fbff] usable
[    0.000000] BIOS-e820: [mem 0x000000000009fc00-0x000000000009ffff] reserved
[    0.000000] BIOS-e820: [mem 0x00000000000f0000-0x00000000000fffff] reservd
[    0.000000] BIOS-e820: [mem 0x0000000000100000-0x000000003ffeffff] usable
[    0.000000] BIOS-e820: [mem 0x000000003fff0000-0x000000003fffffff] ACPI data
[    0.000000] BIOS-e820: [mem 0x00000000fec00000-0x00000000fec00fff] reserved
[    0.000000] BIOS-e820: [mem 0x00000000fee00000-0x00000000ee00fff] reserved
[    0.000000]BIOSe820: [mem 0x00000000fffc0000-0x00000000ffffffff] reserved
[    0.000000] NX (Execute Disable) protection: active
[    0.000000] SMBIOS 2.5 present.
[    .000000] DMI: innotek GmbH VirtualBox/VirtualBox, BIOS VirtualBox 1201/2006
[    0.000000] Hypervisor detected: KVM
[    0.000000] e820: last_pfn = 0x3fff0 max_arch_pfn = 0x400000000
[    0.000000] MTRR: Disabled
[    0.000000] x86/PAT: MTRs disabled, skipping PAT initialization too.
[    0.000000] CPU MTRRs all blank - virtualized system.
[    0.000000] x6/PAT: onfiguration [0-7]: WB  WT  UC- UC  WB  WT  UC- UC  
[    0.000000] found SMP MP-table at mem x0009fff-0x0009ffff] mapped at [        (ptrval)]
[    .000000] Scanning 1 areas for low memory corruption
[    0.000000]RAMDSK: [mem x35a9300-0x36d40fff]
[    0.000000] ACPI: Early table checksum verification disabled
[    0.000000] ACPI: RSDP0x00000000000E0000 000024 (v02 VBOX  )
[    0.000000] ACPI: XSDT 0x000000003FFF0030 00003C (v01 VBOX   BOXXST 0000001 ASL  00000061)
[    0.000000] ACPI: FACP 0x000000003FFF00F0 0000F4 (v04 VBOX   VBOXFACP 00000001 ASL  00000061)
[    0.000000] ACPI: DSDT 0x000000003FFF0470 0021FF (v02 VBOX   VBOXBIOS 00000002 INTL 20100528)
[   0.00000] ACPI FACS 0x000000003FFF0200 000040
[    .000000] ACPI: FACS 0x000000003FFF0200 000040
[    0.000000] ACPI: APIC 0x00000003FFF0240 00005C (v02 VBOX   VBOXAPIC 00000001 ASL  00000061)
[    .000000 ACPI: SSDT 0x000000003FFF02A0 0001CC (v01 VBOX   VBOXCPUT 00000002 INTL 20100528)
[    0.000000] No NUMA configuration found
[    0.000000] Faking a node at [mem 0x00000000000000000x000000003ffeffff]
[    .000000] NODE_DATA(0) allocated [mem 0x3ffc5000-0x3ffeffff]
[    0.000000] kvm-clock: cpu 0, msr 0:3ff44001, primary cpu clock
[    0.000000] kvm-clock: Using msrs 4b564d01 and 4b564d00
[    0.000000] kvm-clock: using sched offset of 4587319953  cycles
[    0.000000] clocksource: kvm-clock: mask: 0xffffffffffffffff maxcycles: 0x1cd42e4dffb, max_idle_ns: 881590591483 ns
[    0.00000] Zone ranges:
[    .000000]   DMA      [mem 0x0000000000001000-0x0000000000ffffff]
[    0.000000]   DMA32    [mem 0x0000000001000000-0x000000003ffeffff]
[    0.000000]   Normal   empty
[    0.000000]   Device   empty
[   0.000000] Movable zone start for each node
[    0.000000] Early memory node ranges
[    0.000000]   node   0: [mem 0x0000000000001000-0x000000000009efff]
[    0.000000]   node   0: [mem 0x0000000000100000-0x000000003ffeffff]
[    0.000000] Reserved but unavailable: 114 pages
[    0.000000] Initmem setup node 0 [mem 0x0000000000001000-0x000000003ffeffff]
[    0.000000] ACPI: PM-Timer IO Port: 0x4008
[    0.000000] IOAPIC[0]: apic_id 2, version 32, address 0xfec00000, GSI 0-23
[    0.000000] ACPI: INT_SRC_OVR (bus 0 bus_irq 0 global_irq 2 dfl dfl)
[    0.000000] ACPI: INT_SRC_OVR (bus 0 bus_irq 9 global_irq 9 low level)
[    0.000000] Using API (MDT) for SMP configuration information
[    0.000000] smpboot: Alowng 2 CPUs, 0 hotplug CPUs
[    0.000000] PM: Registeed nsave memory: [mem 0x00000000-0x00000fff]
[    0.000000] PM: Registered nosave memory: [mem 0x0009f000-0x0009ffff]
[    0.000000] PM: Registered nosave memory: [mem 0x000a0000-0x000effff]
[    0.00000] PM: Registered nosavmemory: [mem 0x000f0000-0x000fffff]
[    0.000000] e820: [mem 0x40000000-0xfebfffff] available for PCI devices
[    0.000000] Booting paravirtualized kernel on KVM
[    0.00000] clocksource: refied-jiffies: mask: 0xfffffff max_cycles: 0xffffffff, max_idle_ns: 7645519600211568 ns
[    0.00000] random: get_random_bytes called from start_kernel+0x99/0x4fd with crng_init=0
[    0.000000] setup_percpu: NR_CPUS:8192 nr_cppumask_bits:2 nr_cpu_ids:2 nr_node_ids:1
[    0.000000] percpu: Embedded 46 pages/cpu @        (ptrval) s151552 r8192 d28672 u1048576
[    0.000000] PV qspinlock hash table entries: 256 (order: 0, 4096 bytes)
[    0.000000] Built 1 zonelists, mobility grouping on.  Total pages: 257913
[    0.000000] Policy zone: DMA32
[    0.000000] Kernel command line: BOOT_IMAGE=/boot/vmlinuz-4.15.0-54-generic root=LABEL=cloudimg-rootfs ro console=tty1 console=ttyS0
[    0.000000] Memory: 983456K/1048120K available (12300K kernel code, 2473K rwdata, 4272K rodata, 2408K init, 2416K bss, 64664K reserved, 0K cma-reserved)
[    0.000000] SLUB: HWalign=64, Order=0-3, MinObjects=0, CPUs=2, Nodes=1
[    0.000000] Kernel/User page tables isolation: enabled
[    0.000000] ftrace: allocating 39216 entries in 154 pages
[    0.004000] Hierarchical RCU implementation.
[    0.004000] 	RCU restricting CPUs from NR_CPUS=8192 to nr_cpu_ids=2.
[    0.004000] 	Tasks RCU enabled.
[    0.004000] RCU: Adjusting geometry for rcu_fanout_leaf=16, nr_cpu_ids=2
[    0.004000] NR_IRQS: 524544, nr_irqs: 440, preallocated irqs: 16
[    0.004000] Console: colour VGA+ 80x25
[    0.004000] console [tty1] enabled
[    0.004000] console [ttyS0] enabled
[    0.004000] ACPI: Core revision 20170831
[    0.004000] ACPI: 2 ACPI AML tables successfully acquired and loaded
[    0.004000] APIC: Switch to symmetric I/O mode setup
[    0.004000] x2apic enabled
[    0004000] Switched APIC routing to physical x2apic.
[    0.005214] ..TIMER: vector=0x30 apic1=0 pin1=2 apic2=-1 pin2=-1
[    0.008005] tsc: Detected 1999.999 MHz processor
[    0.012014] Calibrating delay loop (skipped) preset value.. 3999.99 BogoMIPS (lpj=7999996)
[    0.016005] pid_max: default: 32768 minimum: 301
[    0.018377] Security Framework initialized
[    0.020008] Yama: becoming mindful.
[    0.024038] AppArmor: AppArmor initialized
[    0.028078] Dentry cache hash table entries: 131072 (order: 8, 1048576 bytes)
[    0.032090] Inode-cache hash table entries: 65536 (order: 7, 524288 bytes)
[    0.036019] Mount-cache hash table entries: 2048 (order: 2, 16384 bytes)
[    0.040010] Mountpoint-cache hash table entries: 2048 (order: 2, 16384 bytes)
[    0.044294] mce: CPU supports 0 MCE banks
[    0.048023] Last level iTLB entries: 4KB 1024, 2MB 1024, 4MB 1024
[    0.052004] Last level dTLB entries: 4KB 1024, 2MB 1024, 4MB 1024, 1GB 4
[    0.056011] Spectre V2 : Mitigation: Full generic retpoline
[    0.060003] Spectre V2 : Spectre v2 / SpectreRSB mitigation: Filling RSB on context switch
[    0.064006] Speculative Store Bypass: Vulnerable
[    0.068072] MDS: Vulnerable: Clear CPU buffers attempted, no microcode
[    0.072121] Freeing SMP alternatives memory: 36K
[    0.080000] smpboot: CPU0: Intel(R) Core(TM) i5-4260U CPU @ 1.40GHz (family: 0x6, model: 0x45, stepping: 0x1)
[    0.080095] Performance Events: unsupported p6 CPU model 69 no PMU driver, software events only.
[    0.084073] Hierarchical SRCU implementation.
[    0.088649] NMI watchdog: Perf event create on CPU 0 failed with -2
[    0.092008] NMI watchdog: Perf NMI watchdog permanently disabled
[    0.096090] smp: Bringing up secondary CPUs ...
[    0.100107] x86: Booting SMP configuration:
[    0.104006] .... node  #0, CPUs:      #1
[    0.004000] kvm-clock: cpu 1, msr 0:3ff44041, secondary cpu clock
[    0.004000] mce: CPU supports 0 MCE banks
[    0.114676] smp: Brought up 1 node, 2 CPUs
[    0.116013] smpboot: Max logical packages: 1
[    0.120007] smpboot: Total of 2 processors activated (7999.99 BogoMIPS)
[    0.124193] devtmpfs: initialized
[    0.128071] x86/mm: Memory block size: 128MB
[    0.130338] evm: security.selinux
[    0.132005] evm: security.SMACK64
[    0.136004] evm: security.SMACK64EXEC
[    0.137731] evm: security.SMACK64TRANSMUTE
[    0.140004] evm: security.SMACK64MMAP
[    0.141663] evm: security.apparmor
[    0.144004] evm: security.ima
[    0.145283] evm: security.capability
[    0.148133] clocksource: jiffies: mask: 0xffffffff max_cycles: 0xffffffff, max_idle_ns: 7645041785100000 ns
[    0.152022] futex hash table entries: 512 (order: 3, 32768 bytes)
[    0.156086] pinctrl core: initialized pinctrl subsystem
[    0.162085] RTC time: 13:00:07, date: 07/18/19
[    0.164308] NET: Registered protocol family 16
[    0.168088] audit: initializing netlink subsys (disabled)
[    0.172056] audit: type=2000 audit(1563454810.566:1): state=initialized audit_enabled=0 res=1
[    0.176008] cpuidle: using governor ladder
[    0.178006] cpuidle: using governor menu
[    0.180063] ACPI: bus type PCI registered
[    0.181599] acpiphp: ACPI Hot Plug PCI Controller Driver version: 0.5
[    0.184143] PCI: Using configuration type 1 for base access
[    0.188856] HugeTLB registered 2.00 MiB page size, pre-allocated 0 pages
[    0.192182] ACPI: Added _OSI(Module Device)
[    0.196031] ACPI: Added _OSI(Processor Device)
[    0.200008] ACPI: Added _OSI(3.0 _SCP Extensions)
[    0.204010] ACPI: Added _OSI(Processor Aggregator Device)
[    0.208011] ACPI: Added _OSI(Linux-Dell-Video)
[    0.212012] ACPI: Added _OSI(Linux-Lenovo-NV-HDMI-Audio)
[    0.216018] ACPI: Added _OSI(Linux-HPI-Hybrid-Graphics)
[    0.224158] ACPI: Executed 1 blocks of module-level executable AML code
[    0.232270] ACPI: Interpreter enabled
[    0.234047] ACPI: (supports S0 S5)
[    0.235485] ACPI: Using IOAPIC for interrupt routing
[    0.236323] PCI: Using host bridge windows from ACPI; if necessary, use "pci=nocrs" and report a bug
[    0.240311] ACPI: Enabled 2 GPEs in block 00 to 07
[    0.267935] ACPI: PCI Root Bridge [PCI0] (domain 0000 [bus 00-ff])
[    0.268063] acpi PNP0A03:00: _OSC: OS supports [ASPM ClockPM Segments MSI]
[    0.272272] acpi PNP0A03:00: _OSC: not requesting OS control; OS requires [ExtendedConfig ASPM ClockPM MSI]
[    0.276105] acpi PNP0A03:00: fail to add MMCONFIG information, can't access extended PCI configuration space under this bridge.
[    0.286032] PCI host bridge to bus 0000:00
[    0.288013] pci_bus 0000:00: root bus resource [io  0x0000-0x0cf7 window]
[    0.292012] pci_bus 0000:00: root bus resource [io  0x0d00-0xffff window]
[    0.296014] pci_bus 0000:00: root bus resource [mem 0x000a0000-0x000bffff window]
[    0.300071] pci_bus 0000:00: root bus resource [mem 0x40000000-0xfdffffff window]
[    0.304030] pci_bus 0000:00: root bus resource [bus 00-ff]
[    0.314206] pci 0000:00:01.1: legacy IDE quirk: reg 0x10: [io  0x01f0-0x01f7]
[    0.316007] pci 0000:00:01.1: legacy IDE quirk: reg 0x14: [io  0x03f6]
[    0.320006] pci 0000:00:01.1: legacy IDE quirk: reg 0x18: [io  0x0170-0x0177]
[    0.324011] pci 0000:00:01.1: legacy IDE quirk: reg 0x1c: [io  0x0376]
[    0.352777] pci 0000:00:07.0: quirk: [io  0x4000-0x403f] claimed by PIIX4 ACPI
[    0.356030] pci 0000:00:07.0: quirk: [io  0x4100-0x410f] claimed by PIIX4 SMB
[    0.370321] ACPI: PCI Interrupt Link [LNKA] (IRQs 5 9 10 *11)
[    0.372548] ACPI: PCI Interrupt Link [LNKB] (IRQs 5 9 *10 11)
[    0.376217] ACPI: PCI Interrupt Link [LNKC] (IRQs 5 *9 10 11)
[    0.380221] ACPI: PCI Interrupt Link [LNKD] (IRQs 5 9 10 *11)
[    0.384519] SCSI subsystem initialized
[    0.386618] pci 0000:00:02.0: vgaarb: setting as boot VGA device
[    0.388000] pci 0000:00:02.0: vgaarb: VGA device added: decodes=io+mem,owns=io+mem,locks=none
[    0.388032] pci 0000:00:02.0: vgaarb: bridge control possible
[    0.392008] vgaarb: loaded
[    0.396066] ACPI: bus type USB registered
[    0.400035] usbcore: registered new interface driver usbfs
[    0.404028] usbcore: registered new interface driver hub
[    0.406252] usbcore: registered new device driver usb
[    0.408091] EDAC MC: Ver: 3.0.0
[    0.409910] PCI: Using ACPI for IRQ routing
[    0.412415] NetLabel: Initializing
[    0.416003] NetLabel:  domain hash size = 128
[    0.417823] NetLabel:  protocols = UNLABELED CIPSOv4 CALIPSO
[    0.420025] NetLabel:  unlabeled traffic allowed by default
[    0.424175] clocksource: Switched to clocksource kvm-clock
[    0.444645] VFS: Disk quotas dquot_6.6.0
[    0.446768] VFS: Dquot-cache hash table entries: 512 (order 0, 4096 bytes)
[    0.451053] AppArmor: AppArmorFilesystem Enabled
[   0.479048] pnp: PnP ACPI init
[    0.50829] pnp: PnP ACPI: found 3 devices

[  0.551440 clocksource: acpi_pm: mask: 0xffffff max_cycles: 0xffffff, max_idle_ns: 2085701024 ns
[    0.635009] NET: Registerd protocol family 2

[    0.665141] TCP established hash table entries: 8192 (order: 4, 65536 bytes)
[    0.672357] TCP bind hash table entries: 8192 (order: 5,131072 bytes)
[    0.701788] TCP: Hash tables configured (established 8192 bind 8192)
[    0.704431] UDP hash table entries: 512 (order: 2, 16384 bytes)
[    0.707462] UDP-Lite hash table entries: 512 (order: 2, 16384 bytes)
[    0.710427] NET: Reistered protocol family 1
[    0.738422] pci 0000:00:00.0: Limiting direct PCIPCI ransfers
[   0.792542] pci 0000:00:01.0: Activating ISA DMA hang workarounds
[    0.820798] pci 0000:00:02.0: Video device with shadowed ROM at [mem 0x000c0000-0x000dffff]
[    0.824462] Unpacking initramfs...

[    1.174073] Freeing initrd memory: 19128K
[    1.176407] clocksource: tsc: mask: 0xffffffffffffffff max_cycles: 0x39a85afc727, max_idle_ns: 881590685098 ns
[    1.187846] platform rtc_cmos: registered platform RTC device (no PNP device found)
[    1.195750] Scanning for low memory corruption every 60 seconds
[    1.199860] Initialise system trusted keyrings
[    1.205610] Key type blacklist registered
[    1.207364] workingset: timestamp_bits=36 max_order=18 bucket_order=0
[    1.212650] zbud: loaded
[    1.220594] squashfs: version 4.0 (2009/01/31) Phillip Lougher
[    1.223257] fuse init (API version 7.26)
[    1.231186] Key type asymmetric registered
[    1.232792] Asymmetric key parser 'x509' registered
[    1.234446] Block layer SCSI generic (bsg) driver version 0.4 loaded (major 246)
[    1.236862] io scheduler noop registered
[    1.238415] io scheduler deadline registered
[    1.240371] io scheduler cfq registered (default)
[    1.250250] ACPI: AC Adapter [AC] (on-line)
[    1.252116] input: Power Button as /devices/LNXSYSTM:00/LNXPWRBN:00/input/input0
[    1.255613] ACPI: Power Button [PWRF]
[    1.257730] input: Sleep Button as /devices/LNXSYSTM:00/LNXSLPBN:00/input/input1
[    1.260979] ACPI: Sleep Button [SLPF]
[    1.263686] Serial: 8250/16550 driver, 32 ports, IRQ sharing enabled
[    1.292788] 00:02: ttyS0 at I/O 0x3f8 (irq = 4, base_baud = 115200) is a 16550A
[    1.327587] Linux agpgart interface v0.103
[    1.347992] loop: module loaded
[    1.358169] scsi host0: ata_piix
[    1.382189] scsi host1: ata_piix
[    1.389749] ata1: PATA max UDMA/33 cmd 0x1f0 ctl 0x3f6 bmdma 0xd000 irq 14
[    1.393851] ata2: PATA max UDMA/33 cmd 0x170 ctl 0x376 bmdma 0xd008 irq 15
[    1.397416] libphy: Fixed MDIO Bus: probed
[    1.401488] tun: Universal TUN/TAP device driver, 1.6
[    1.403650] PPP generic driver version 2.4.2
[    1.407035] ehci_hcd: USB 2.0 'Enhanced' Host Controller (EHCI) Driver
[    1.409999] ehci-pci: EHCI PCI platform driver
[    1.412247] ehci-platform: EHCI generic platform driver
[    1.418135] ohci_hcd: USB 1.1 'Open' Host Controller (OHCI) Driver
[    1.420641] ohci-pci: OHCI PCI platform driver
[    1.425417] ohci-platform: OHCI generic platform driver
[    1.441796] uhci_hcd: USB Universal Host Controller Interface driver
[    1.450103] i8042: PNP: PS/2 Controller [PNP0303:PS2K,PNP0f03:PS2M] at 0x60,0x64 irq 1,12
[    1.490169] serio: i8042 KBD port at 0x60,0x64 irq 1
[    1.498376] serio: i8042 AUX port at 0x60,0x64 irq 12
[    1.500823] mousedev: PS/2 mouse device common for all mice
[    1.510701] rtc_cmos rtc_cmos: rtc core: registered rtc_cmos as rtc0
[    1.513849] input: AT Translated Set 2 keyboard as /devices/platform/i8042/serio0/input/input2
[    1.516229] rtc_cmos rtc_cmos: alarms up to one day, 114 bytes nvram
[    1.516252] i2c /dev entries driver
[    1.516358] device-mapper: uevent: version 1.0.3
[    1.516476] device-mapper: ioctl: 4.37.0-ioctl (2017-09-20) initialised: dm-devel@redhat.com
[    1.538095] ledtrig-cpu: registered to indicate activity on CPUs
[    1.542264] NET: Registered protocol family 10
[    1.554430] Segment Routing with IPv6
[    1.556207] NET: Registered protocol family 17
[    1.563538] Key type dns_resolver registered
[    1.566042] RAS: Correctable Errors collector initialized.
[    1.570225] sched_clock: Marking stable (1570196506, 0)->(3995535367, -2425338861)
[    1.581885] registered taskstats version 1
[    1.583700] Loading compiled-in X.509 certificates
[    1.590872] Loaded X.509 cert 'Build time autogenerated kernel key: 1cc14bc8298a06d551159822c55fa35abd77a621'
[    1.594842] zswap: loaded using pool lzo/zbud
[    1.601655] Key type big_key registered
[    1.605896] Key type trusted registered
[    1.610103] Key type encrypted registered
[    1.611761] AppArmor: AppArmor sha1 policy hashing enabled
[    1.619023] ima: No TPM chip found, activating TPM-bypass! (rc=-19)
[    1.621620] ima: Allocated hash algorithm: sha1
[    1.623498] evm: HMAC attrs: 0x1
[    1.638440]   Magic number: 11:697:28
[    1.640472] rtc_cmos rtc_cmos: setting system clock to 2019-07-18 13:00:08 UTC (1563454808)
[    1.644029] BIOS EDD facility v0.16 2004-Jun-25, 0 devices found
[    1.648049] EDD information not available.
[    1.660473] Freeing unused kernel image memory: 2408K
[    1.684368] Write protecting the kernel read-only data: 20480k
[    1.687843] Freeing unused kernel image memory: 2008K
[    1.695028] Freeing unused kernel image memory: 1872K
[    1.705475] x86/mm: Checked W+X mappings: passed, no W+X pages found.
[    1.710393] x86/mm: Checking user space page tables
[    1.718992] x86/mm: Checked W+X mappings: passed, no W+X pages found.
Loading, please wait...
starting version 237
[    1.801714] Fusion MPT base driver 3.04.20
[    1.809289] Copyright (c) 1999-2008 LSI Corporation
[    1.813410] e1000: Intel(R) PRO/1000 Network Driver - version 7.3.21-k8-NAPI
[    1.824577] e1000: Copyright (c) 1999-2006 Intel Corporation.
[    1.853947] Fusion MPT SPI Host driver 3.04.20
[    1.882047] AVX2 version of gcm_enc/dec engaged.
[    1.884148] AES CTR mode by8 optimization enabled
[    2.081619] input: ImExPS/2 Generic Explorer Mouse as /devices/platform/i8042/serio1/input/input4
[    2.306664] e1000 0000:00:03.0 eth0: (PCI:33MHz:32-bit) 02:a1:18:c3:c8:11
[    2.309652] e1000 0000:00:03.0 eth0: Intel(R) PRO/1000 Network Connection
[    2.313452] mptbase: ioc0: Initiating bringup
[    2.313819] e1000 0000:00:03.0 enp0s3: renamed from eth0
[    2.416314] ioc0: LSI53C1030 A0: Capabilities={Initiator}
[    2.661255] scsi host2: ioc0: LSI53C1030 A0, FwRev=00000000h, Ports=1, MaxQ=256, IRQ=20
[    2.832818] scsi 2:0:0:0: Direct-Access     VBOX     HARDDISK         1.0  PQ: 0 ANSI: 5
[    2.977144] scsi target2:0:0: Beginning Domain Validation
[    3.026625] scsi target2:0:0: Domain Validation skipping write tests
[    3.029386] scsi target2:0:0: Ending Domain Validation
[    3.031658] scsi target2:0:0: asynchronous
[    3.196830] scsi 2:0:1:0: Direct-Access     VBOX     HARDDISK         1.0  PQ: 0 ANSI: 5
[    3.695087] scsi target2:0:1: Beginning Domain Validation
[    3.893790] random: fast init done
[    3.897289] scsi target2:0:1: Domain Validation skipping write tests
[    3.900891] scsi target2:0:1: Ending Domain Validation
[    3.913644] scsi target2:0:1: asynchronous
[    3.929261] random: systemd-udevd: uninitialized urandom read (16 bytes read)
[    3.932117] random: systemd-udevd: uninitialized urandom read (16 bytes read)
[    3.932407] sd 2:0:0:0: Attached scsi generic sg0 type 0
[    3.932554] sd 2:0:1:0: Attached scsi generic sg1 type 0
[    3.952934] random: systemd-udevd: uninitialized urandom read (16 bytes read)
[    3.956220] sd 2:0:1:0: [sdb] 20480 512-byte logical blocks: (10.5 MB/10.0 MiB)
[    3.959384] sd 2:0:0:0: [sda] 20971520 512-byte logical blocks: (10.7 GB/10.0 GiB)
[    3.962474] sd 2:0:1:0: [sdb] Write Protect is off
[    3.964173] sd 2:0:0:0: [sda] Write Protect is off
[    3.964360] sd 2:0:0:0: [sda] Incomplete mode parameter data
[    3.964361] sd 2:0:0:0: [sda] Assuming drive cache: write through
[    3.972136]  sda: sda1
[    3.973218] sd 2:0:0:0: [sda] Attached SCSI disk
[    3.979029] sd 2:0:1:0: [sdb] Incomplete mode parameter data
[    3.983021] sd 2:0:1:0: [sdb] Assuming drive cache: write through
[    3.998551] sd 2:0:1:0: [sdb] Attached SCSI disk
Begin: Loading essential drivers ... [    5.552342] raid6: sse2x1   gen()  7915 MB/s
[    5.600710] raid6: sse2x1   xor()  5596 MB/s
[    5.648448] raid6: sse2x2   gen()  9631 MB/s
[    5.696050] raid6: sse2x2   xor()  6319 MB/s
[    5.744220] raid6: sse2x4   gen() 11791 MB/s
[    5.796040] raid6: sse2x4   xor()  7310 MB/s
[    5.844681] raid6: avx2x1   gen() 16386 MB/s
[    5.904074] raid6: avx2x1   xor()  9566 MB/s
[    5.952338] raid6: avx2x2   gen()  9872 MB/s
[    6.004387] raid6: avx2x2   xor()  2900 MB/s
[    6.060146] raid6: avx2x4   gen() 10564 MB/s
[    6.112037] raid6: avx2x4   xor() 13782 MB/s
[    6.116192] raid6: using algorithm avx2x1 gen() 16386 MB/s
[    6.131948] raid6: .... xor() 9566 MB/s, rmw enabled
[    6.135922] raid6: using avx2x2 recovery algorithm
[    6.143148] xor: automatically using best checksumming function   avx       
[    6.147821] async_tx: api initialized (async)
done.
Begin: Running /scripts/init-premount ... done.
Begin: Mounting root file system ... Begin: Running /scripts/local-top ... done.
Begin: Running /scripts/local-premount ... [    6.227210] Btrfs loaded, crc32c=crc32c-intel
Scanning for Btrfs filesystems
done.
Warning: fsck not present, so skipping root file system
[    6.276343] EXT4-fs (sda1): mounted filesystem with ordered data mode. Opts: (null)
done.
Begin: Running /scripts/local-bottom ... done.
Begin: Running /scripts/init-bottom ... done.
[    6.504654] ip_tables: (C) 2000-2006 Netfilter Core Team
[    6.518731] systemd[1]: systemd 237 running in system mode. (+PAM +AUDIT +SELINUX +IMA +APPARMOR +SMACK +SYSVINIT +UTMP +LIBCRYPTSETUP +GCRYPT +GNUTLS +ACL +XZ +LZ4 +SECCOMP +BLKID +ELFUTILS +KMOD -IDN2 +IDN -PCRE2 default-hierarchy=hybrid)
[    6.985811] systemd[1]: Detected virtualization oracle.
[    6.989969] systemd[1]: Detected architecture x86-64.

Welcome to [1mUbuntu 18.04.2 LTS[0m!

[    7.009948] systemd[1]: Set hostname to <ubuntu-bionic>.
[    7.376393] systemd[1]: Set up automount Arbitrary Executable File Formats File System Automount Point.
[[0;32m  OK  [0m] Set up automount Arbitrary Executabâ€¦rmats File System Automount Point.
[    7.400843] systemd[1]: Reached target System Time Synchronized.
[[0;32m  OK  [0m] Reached target System Time Synchronized.
[    8.000012] systemd[1]: Reached target User and Group Name Lookups.
[[0;32m  OK  [0m] Reached target User and Group Name Lookups.
[    8.132495] systemd[1]: Started Forward Password Requests to Wall Directory Watch.
[[0;32m  OK  [0m] Started Forward Password Requests to Wall Directory Watch.
[    8.997270] systemd[1]: Created slice User and Session Slice.
[[0;32m  OK  [0m] Created slice User and Session Slice.
[    9.002751] systemd[1]: Created slice System Slice.
[[0;32m  OK  [0m] Created slice System Slice.
[[0;32m  OK  [0m] Listening on LVM2 poll daemon socket.
[[0;32m  OK  [0m] Listening on Journal Socket.
[[0;32m  OK  [0m] Listening on Device-mapper event daemon FIFOs.
         Starting Load Kernel Modules...
[[0;32m  OK  [0m] Listening on udev Kernel Socket.
         Starting Uncomplicated firewall...
[    9.059453] Loading iSCSI transport class v2.0-870.
[[0;32m  OK  [0m] Listening on udev Control Socket.
[[0;32m  OK  [0m] Created slice system-serial\x2dgetty.slice.
         Mounting POSIX Message Queue File System...
         Mounting Huge Pages File System...
[    9.078791] iscsi: registered transport (tcp)
         Starting udev Coldplug all Devices...
         Starting Set the console keyboard layout...
[[0;32m  OK  [0m] Listening on Syslog Socket.
         Mounting Kernel Debug File System...
[[0;32m  OK  [0m] Reached target Slices.
[[0;32m  OK  [0m] Listening on /dev/initctl Compatibility Named Pipe.
[    9.138790] iscsi: registered transport (iser)
[[0;32m  OK  [0m] Listening on LVM2 metadata daemon socket.
         Starting Monitoring of LVM2 mirrorsâ€¦ng dmeventd or progress polling...
[[0;32m  OK  [0m] Reached target Swap.
         Starting Remount Root and Kernel File Systems...
[[0;32m  OK  [0m] Listening on Journal Socket (/dev/log).
[[0;32m  OK  [0m] Listening on [    9.296224] EXT4-fs (sda1): re-mounted. Opts: (null)
Journal Audit Socket.
         Starting Journal Service...
[[0;32m  OK  [0m] Listening on Network Service Netlink Socket.
         Starting Create list of required stâ€¦ce nodes for the current kernel...
[[0;32m  OK  [0m] Started Journal Service.
[[0;32m  OK  [0m] Started Load Kernel Modules.
[[0;32m  OK  [0m] Started Uncomplicated firewall.
[[0;32m  OK  [0m] Mounted POSIX Message Queue File System.
[[0;32m  OK  [0m] Mounted Huge Pages File System.
[[0;32m  OK  [0m] Mounted Kernel Debug File System.
[[0;32m  OK  [0m] Started Remount Root and Kernel File Systems.
[[0;32m  OK  [0m] Started Create list of required staâ€¦vice nodes for the current kernel.
[[0;32m  OK  [0m] Started LVM2 metadata daemon.
         Starting Create Static Device Nodes in /dev...
         Starting Load/Save Random Seed...
         Mounting FUSE Control File System...
         Mounting Kernel Configuration File System...
         Starting Apply Kernel Variables...
         Starting Flush Journal to Persistent Storage...
[[0;32m  OK  [0m] Started Load/Save Random Seed.
[[0;32m  OK  [0m] Mounted FUSE Control File System.
[[0;32m  OK  [0m] Started Monitoring of LVM2 mirrors,â€¦sing dmeventd or progress polling.
[[0;32m  OK  [0m] Started udev Coldplug all Devices.
[[0;32m  OK  [0m] Mounted Kernel Configuration File System.
[[0;32m  OK  [0m] Started Apply Kernel Variables.
[[0;32m  OK  [0m] Started Create Static Device Nodes in /dev.
         Starting udev Kernel Device Manager...
[[0;32m  OK  [0m] Started Flush Journal to Persistent Storage.
[[0;32m  OK  [0m] Started udev Kernel Device Manager.
[[0;32m  OK  [0m] Found device /dev/ttyS0.
[[0;32m  OK  [0m] Listening on Load/Save RF Kill Switch Status /dev/rfkill Watch.
[[0;32m  OK  [0m] Started Set the console keyboard layout.
[[0;32m  OK  [0m] Started Dispatch Password Requests to Console Directory Watch.
[[0;32m  OK  [0m] Reached target Local Encrypted Volumes.
[[0;32m  OK  [0m] Reached target Local File Systems (Pre).
[[0;32m  OK  [0m] Reached target Local File Systems.
         Starting AppArmor initialization...
         Starting ebtables ruleset management...
         Starting Tell Plymouth To Write Out Runtime Data...
         Starting Set console font and keymap...
         Starting Create Volatile Files and Directories...
[[0;32m  OK  [0m] Started Tell Plymouth To Write Out Runtime Data.
[[0;32m  OK  [0m] Started Set console font and keymap.
[[0;32m  OK  [0m] Started Create Volatile Files and Directories.
         Starting Update UTMP about System Boot/Shutdown...
[[0;32m  OK  [0m] Started Update UTMP about System Boot/Shutdown.
[[0;32m  OK  [0m] Started ebtables ruleset management.
[[0;32m  OK  [0m] Started AppArmor initialization.
         Starting Initial cloud-init job (pre-networking)...
[   12.815987] cloud-init[684]: Cloud-init v. 19.1-1-gbaa47854-0ubuntu1~18.04.1 running 'init-local' at Thu, 18 Jul 2019 13:00:19 +0000. Up 12.57 seconds.
[[0;32m  OK  [0m] Started Initial cloud-init job (pre-networking).
[[0;32m  OK  [0m] Reached target Network (Pre).
         Starting Network Service...
[[0;32m  OK  [0m] Started Network Service.
         Starting Wait for Network to be Configured...
         Starting Network Name Resolution...
[[0;32m  OK  [0m] Started Network Name Resolution.
[[0;32m  OK  [0m] Reached target Network.
[[0;32m  OK  [0m] Reached target Host and Network Name Lookups.
[[0;32m  OK  [0m] Started Wait for Network to be Configured.
         Starting Initial cloud-init job (metadata service crawler)...
[   15.074576] cloud-init[780]: Cloud-init v. 19.1-1-gbaa47854-0ubuntu1~18.04.1 running 'init' at Thu, 18 Jul 2019 13:00:21 +0000. Up 14.89 seconds.
[   15.088849] cloud-init[780]: ci-info: ++++++++++++++++++++++++++++++++++++++Net device info++++++++++++++++++++++++++++++++++++++
[   15.093901] cloud-init[780]: ci-info: +--------+------+----------------------------+---------------+--------+-------------------+
[   15.098571] cloud-init[780]: ci-info: | Device |  Up  |          Address           |      Mask     | Scope  |     Hw-Address    |
[   15.104075] cloud-init[780]: ci-info: +--------+------+----------------------------+---------------+--------+-------------------+
[   15.111155] cloud-init[780]: ci-info: | enp0s3 | True |         10.0.2.15          | 255.255.255.0 | global | 02:a1:18:c3:c8:11 |
[   15.117949] cloud-init[780]: ci-info: | enp0s3 | True | fe80::a1:18ff:fec3:c811/64 |       .       |  link  | 02:a1:18:c3:c8:11 |
[   15.122764] cloud-init[780]: ci-info: |   lo   | True |         127.0.0.1          |   255.0.0.0   |  host  |         .         |
[   15.134005] cloud-init[780]: ci-info: |   lo   | True |          ::1/128           |       .       |  host  |         .         |
[   15.156338] cloud-init[780]: ci-info: +--------+------+----------------------------+---------------+--------+-------------------+
[   15.185534] cloud-init[780]: ci-info: ++++++++++++++++++++++++++++Route IPv4 info+++++++++++++++++++++++++++++
[   15.194083] cloud-init[780]: ci-info: +-------+-------------+----------+-----------------+-----------+-------+
[   15.202318] cloud-init[780]: ci-info: | Route | Destination | Gateway  |     Genmask     | Interface | Flags |
[   15.252442] cloud-init[780]: ci-info: +-------+-------------+----------+-----------------+-----------+-------+
[   15.258115] cloud-init[780]: ci-info: |   0   |   0.0.0.0   | 10.0.2.2 |     0.0.0.0     |   enp0s3  |   UG  |
[   15.262853] cloud-init[780]: ci-info: |   1   |   10.0.2.0  | 0.0.0.0  |  255.255.255.0  |   enp0s3  |   U   |
[   15.267154] cloud-init[780]: ci-info: |   2   |   10.0.2.2  | 0.0.0.0  | 255.255.255.255 |   enp0s3  |   UH  |
[   15.271338] cloud-init[780]: ci-info: +-------+-------------+----------+-----------------+-----------+-------+
[   15.288618] cloud-init[780]: ci-info: +++++++++++++++++++Route IPv6 info+++++++++++++++++++
[   15.292124] cloud-init[780]: ci-info: +-------+-------------+---------+-----------+-------+
[   15.299233] cloud-init[780]: ci-info: | Route | Destination | Gateway | Interface | Flags |
[   15.302894] cloud-init[780]: ci-info: +-------+-------------+---------+-----------+-------+
[   15.323032] cloud-init[780]: ci-info: |   1   |  fe80::/64  |    ::   |   enp0s3  |   U   |
[   15.327344] cloud-init[780]: ci-info: |   3   |    local    |    ::   |   enp0s3  |   U   |
[   15.333115] cloud-init[780]: ci-info: |   4   |   ff00::/8  |    ::   |   enp0s3  |   U   |
[   15.340617] cloud-init[780]: ci-info: +-------+-------------+---------+-----------+-------+
[[0;32m  OK  [0m] Started Initial cloud-init job (metadata service crawler).
[[0;32m  OK  [0m] Reached target Network is Online.
[[0;32m  OK  [0m] Reached target Remote File Systems (Pre).
[[0;32m  OK  [0m] Reached target Remote File Systems.
         Starting Availability of block devices...
[[0;32m  OK  [0m] Reached target Cloud-config availability.
[[0;32m  OK  [0m] Reached target System Initialization.
[[0;32m  OK  [0m] Started Discard unused blocks once a week.
[[0;32m  OK  [0m] Listening on UUID daemon activation socket.
         Starting Socket activation for snappy daemon.
[[0;32m  OK  [0m] Listening on D-Bus System Message Bus Socket.
[[0;32m  OK  [0m] Started Daily apt upgrade and clean activities.
[[0;32m  OK  [0m] Started Daily Cleanup of Temporary Directories.
[[0;32m  OK  [0m] Started ACPI Events Check.
[[0;32m  OK  [0m] Reached target Paths.
[[0;32m  OK  [0m] Listening on ACPID Listen Socket.
         Starting LXD - unix socket.
[[0;32m  OK  [0m] Listening on Open-iSCSI iscsid Socket.
[[0;32m  OK  [0m] Started Message of the Day.
[[0;32m  OK  [0m] Reached target Timers.
[[0;32m  OK  [0m] Started Availability of block devices.
[[0;32m  OK  [0m] Listening on Socket activation for snappy daemon.
[[0;32m  OK  [0m] Listening on LXD - unix socket.
[[0;32m  OK  [0m] Reached target Sockets.
[[0;32m  OK  [0m] Reached target Basic System.
[[0;32m  OK  [0m] Started FUSE filesystem for LXC.
         Starting LSB: automatic crash report generation...
         Starting System Logging Service...
         Starting OpenBSD Secure Shell server...
         Starting Accounts Service...
         Starting Dispatcher daemon for systemd-networkd...
         Starting Login Service...
         Starting LSB: Record successful boot for GRUB...
[[0;32m  OK  [0m] Started irqbalance daemon.
[[0;32m  OK  [0m] Started Regular background program processing daemon.
         Starting Virtualbox guest utils...
[[0;32m  OK  [0m] Started Deferred execution scheduler.
         Starting LXD - container startup/shutdown...
[[0;32m  OK  [0m] Started D-Bus System Message Bus.
         Starting Snappy daemon...
         Starting Permit User Sessions...
[[0;32m  OK  [0m] Started System Logging Service.
[[0;32m  OK  [0m] Started Login Service.
[[0;32m  OK  [0m] Started Unattended Upgrades Shutdown.
[[0;32m  OK  [0m] Started Permit User Sessions.
         Starting Terminate Plymouth Boot Screen...
         Starting Hold until boot process finishes up...
[[0;32m  OK  [0m] Started OpenBSD Secure Shell server.
[[0;32m  OK  [0m] Started LXD - container startup/shutdown.
[[0;32m  OK  [0m] Started Terminate Plymouth Boot Screen.
[[0;32m  OK  [0m] Started Hold until boot process finishes up.
[[0;32m  OK  [0m] Started Serial Getty on ttyS0.
         Starting Set console scheme...
[[0;32m  OK  [0m] Started LSB: automatic crash report generation.
[[0;32m  OK  [0m] Started Set console scheme.
[[0;32m  OK  [0m] Created slice system-getty.slice.
[[0;32m  OK  [0m] Started Getty on tty1.
[[0;32m  OK  [0m] Reached target Login Prompts.
         Starting Authorization Manager...
[[0;32m  OK  [0m] Started Virtualbox guest utils.
[[0;32m  OK  [0m] Started Authorization Manager.
[[0;32m  OK  [0m] Started Accounts Service.
[[0;32m  OK  [0m] Created slice User Slice of vagrant.
[[0;32m  OK  [0m] Started LSB: Record successful boot for GRUB.
[[0;32m  OK  [0m] Started Dispatcher daemon for systemd-networkd.
[[0;32m  OK  [0m] Started Session 1 of user vagrant.
         Starting User Manager for UID 1000...
[[0;32m  OK  [0m] Started Snappy daemon.
[[0;32m  OK  [0m] Started User Manager for UID 1000.
         Starting Wait until snapd is fully seeded...
[[0;32m  OK  [0m] Started Wait until snapd is fully seeded.
         Starting Apply the settings specified in cloud-config...
[[0;32m  OK  [0m] Reached target Multi-User System.
[[0;32m  OK  [0m] Reached target Graphical Interface.
         Starting Update UTMP about System Runlevel Changes...
[[0;32m  OK  [0m] Started Update UTMP about System Runlevel Changes.
[   18.304406] cloud-init[1198]: Cloud-init v. 19.1-1-gbaa47854-0ubuntu1~18.04.1 running 'modules:config' at Thu, 18 Jul 2019 13:00:25 +0000. Up 18.15 seconds.
[[0;32m  OK  [0m] Started Apply the settings specified in cloud-config.
         Starting Execute cloud user/final scripts...
[   19.127237] cloud-init[1254]: Cloud-init v. 19.1-1-gbaa47854-0ubuntu1~18.04.1 running 'modules:final' at Thu, 18 Jul 2019 13:00:25 +0000. Up 18.94 seconds.
[   19.186935] cloud-init[1254]: Cloud-init v. 19.1-1-gbaa47854-0ubuntu1~18.04.1 finished at Thu, 18 Jul 2019 13:00:25 +0000. Datasource DataSourceNoCloud [seed=/dev/sdb][dsmode=net].  Up 19.11 seconds
[[0;32m  OK  [0m] Started Execute cloud user/final scripts.
[[0;32m  OK  [0m] Reached target Cloud-init target.

Ubuntu 18.04.2 LTS ubuntu-bionic ttyS0

ubuntu-bionic login: 